OM@LAPTOP-40LLRO0R MINGW64 ~/OneDrive/Desktop/WADP/WAD_46 (main)
$ git status
On branch main
Your branch is up to date with 'origin/main'.

Untracked files:
  (use "git add <file>..." to include in what will be committed)
        Assignment 2b/

nothing added to commit but untracked files present (use "git add" to track)

OM@LAPTOP-40LLRO0R MINGW64 ~/OneDrive/Desktop/WADP/WAD_46 (main)
$ git add *

OM@LAPTOP-40LLRO0R MINGW64 ~/OneDrive/Desktop/WADP/WAD_46 (main)
$ git status
On branch main
Your branch is up to date with 'origin/main'.

Changes to be committed:
  (use "git restore --staged <file>..." to unstage)
        new file:   Assignment 2b/demo.html
        new file:   Assignment 2b/first.html
        new file:   Assignment 2b/second.html


OM@LAPTOP-40LLRO0R MINGW64 ~/OneDrive/Desktop/WADP/WAD_46 (main)
$ git commit -m "added"
[main 6a5c49b] added
 3 files changed, 66 insertions(+)
 create mode 100644 Assignment 2b/demo.html
 create mode 100644 Assignment 2b/first.html
 create mode 100644 Assignment 2b/second.html

OM@LAPTOP-40LLRO0R MINGW64 ~/OneDrive/Desktop/WADP/WAD_46 (main)
$ git remote set-url origin https://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@github.com/Om3316/WAD_46.git

OM@LAPTOP-40LLRO0R MINGW64 ~/OneDrive/Desktop/WADP/WAD_46 (main)
$ git push origin main
Enumerating objects: 7, done.
Counting objects: 100% (7/7), done.
Delta compression using up to 12 threads
Compressing objects: 100% (6/6), done.
Writing objects: 100% (6/6), 1.29 KiB | 1.29 MiB/s, done.
Total 6 (delta 2), reused 0 (delta 0), pack-reused 0
remote: Resolving deltas: 100% (2/2), done.
To https://github.com/Om3316/WAD_46.git
   18e696b..6a5c49b  main -> main

OM@LAPTOP-40LLRO0R MINGW64 ~/OneDrive/Desktop/WADP/WAD_46 (main)
$ git commit -m "added"
On branch main
Your branch is up to date with 'origin/main'.

nothing to commit, working tree clean
